
--------------------------------------------
Running GBA Test Suite: SIO register RW tests...
SIO Write: off=0x134 val=0x0 size=2
SIO Write: off=0x134 val=0x0 size=2
SIO Write: off=0x134 val=0x0 size=2
SIO Write: off=0x134 val=0x0 size=2
SIO Write: off=0x128 val=0x2000 size=2
SIO Write: off=0x120 val=0xffff size=2
SIO Read: off=0x120 val=0xffff
SIO Write: off=0x120 val=0x0 size=2
SIO Write: off=0x128 val=0x0 size=2
SIO Write: off=0x134 val=0x8000 size=2
SIO Write: off=0x134 val=0x0 size=2
SIO Write: off=0x128 val=0x2000 size=2
SIO Write: off=0x122 val=0xffff size=2
SIO Read: off=0x122 val=0xffff
SIO Write: off=0x122 val=0x0 size=2
SIO Write: off=0x128 val=0x0 size=2
SIO Write: off=0x134 val=0x8000 size=2
SIO Write: off=0x134 val=0x0 size=2
SIO Write: off=0x128 val=0x2000 size=2
SIO Write: off=0x124 val=0xffff size=2
SIO Read: off=0x124 val=0xffff
SIO Write: off=0x124 val=0x0 size=2
SIO Write: off=0x128 val=0x0 size=2
SIO Write: off=0x134 val=0x8000 size=2
SIO Write: off=0x134 val=0x0 size=2
SIO Write: off=0x128 val=0x2000 size=2
SIO Write: off=0x126 val=0xffff size=2
SIO Read: off=0x126 val=0xffff
SIO Write: off=0x126 val=0x0 size=2
SIO Write: off=0x128 val=0x0 size=2
SIO Write: off=0x134 val=0x8000 size=2
SIO Write: off=0x134 val=0x0 size=2
SIO Write: off=0x128 val=0x2000 size=2
SIO Read: off=0x128 val=0x2008
SIO Write: off=0x128 val=0xefff size=2
SIO Read: off=0x128 val=0x600b
SIO Write: off=0x128 val=0x0 size=2
SIO Write: off=0x128 val=0x0 size=2
SIO Write: off=0x134 val=0x8000 size=2
SIO Write: off=0x134 val=0x0 size=2
SIO Write: off=0x128 val=0x2000 size=2
SIO Write: off=0x12a val=0xffff size=2
SIO Read: off=0x12a val=0xffff
SIO Write: off=0x12a val=0x0 size=2
SIO Write: off=0x128 val=0x0 size=2
SIO Write: off=0x134 val=0x8000 size=2
SIO Write: off=0x134 val=0x0 size=2
SIO Write: off=0x128 val=0x2000 size=2
SIO Read: off=0x134 val=0xb
SIO Write: off=0x134 val=0x3fff size=2
SIO Read: off=0x134 val=0xb
SIO Write: off=0x128 val=0x0 size=2
SIO Write: off=0x134 val=0x8000 size=2
SIO Write: off=0x134 val=0x0 size=2
SIO Write: off=0x128 val=0x2000 size=2
SIO Write: off=0x136 val=0xffff size=2
SIO Read: off=0x136 val=0 (readonly/unmapped)
SIO Write: off=0x136 val=0x0 size=2
SIO Write: off=0x128 val=0x0 size=2
SIO Write: off=0x134 val=0x8000 size=2
SIO Write: off=0x134 val=0x0 size=2
SIO Write: off=0x128 val=0x2000 size=2
SIO Write: off=0x140 val=0xffff size=2
SIO Read: off=0x140 val=0 (readonly/unmapped)
SIO Write: off=0x140 val=0x0 size=2
SIO Write: off=0x128 val=0x0 size=2
SIO Write: off=0x134 val=0x8000 size=2
SIO Write: off=0x134 val=0x0 size=2
SIO Write: off=0x128 val=0x2000 size=2
SIO Write: off=0x142 val=0xffff size=2
SIO Read: off=0x142 val=0 (readonly/unmapped)
SIO Write: off=0x142 val=0x0 size=2
SIO Write: off=0x128 val=0x0 size=2
SIO Write: off=0x134 val=0x8000 size=2
SIO Write: off=0x134 val=0x0 size=2
SIO Write: off=0x128 val=0x2000 size=2
SIO Write: off=0x150 val=0xffff size=2
SIO Read: off=0x150 val=0 (readonly/unmapped)
SIO Write: off=0x150 val=0x0 size=2
SIO Write: off=0x128 val=0x0 size=2
SIO Write: off=0x134 val=0x8000 size=2
SIO Write: off=0x134 val=0x0 size=2
SIO Write: off=0x128 val=0x2000 size=2
SIO Write: off=0x152 val=0xffff size=2
SIO Read: off=0x152 val=0 (readonly/unmapped)
SIO Write: off=0x152 val=0x0 size=2
SIO Write: off=0x128 val=0x0 size=2
SIO Write: off=0x134 val=0x8000 size=2
SIO Write: off=0x134 val=0x0 size=2
SIO Write: off=0x128 val=0x2000 size=2
SIO Write: off=0x154 val=0xffff size=2
SIO Read: off=0x154 val=0 (readonly/unmapped)
SIO Write: off=0x154 val=0x0 size=2
SIO Write: off=0x128 val=0x0 size=2
SIO Write: off=0x134 val=0x8000 size=2
SIO Write: off=0x134 val=0x0 size=2
SIO Write: off=0x128 val=0x2000 size=2
SIO Write: off=0x156 val=0xffff size=2
SIO Read: off=0x156 val=0 (readonly/unmapped)
SIO Write: off=0x156 val=0x0 size=2
SIO Write: off=0x128 val=0x0 size=2
SIO Write: off=0x134 val=0x8000 size=2
SIO Write: off=0x134 val=0x0 size=2
SIO Write: off=0x128 val=0x2000 size=2
SIO Write: off=0x15a val=0xffff size=2
SIO Read: off=0x15a val=0 (readonly/unmapped)
SIO Write: off=0x15a val=0x0 size=2
SIO Write: off=0x128 val=0x0 size=2
SIO Write: off=0x134 val=0x8000 size=2
SIO Write: off=0x134 val=0x0 size=2
SIO Write: off=0x128 val=0x0 size=2
SIO Write: off=0x120 val=0xffff size=2
SIO Read: off=0x120 val=0 (readonly/unmapped)
SIO Write: off=0x120 val=0x0 size=2
SIO Write: off=0x128 val=0x0 size=2
SIO Write: off=0x134 val=0x8000 size=2
SIO Write: off=0x134 val=0x0 size=2
SIO Write: off=0x128 val=0x0 size=2
SIO Write: off=0x122 val=0xffff size=2
SIO Read: off=0x122 val=0 (readonly/unmapped)
SIO Write: off=0x122 val=0x0 size=2
SIO Write: off=0x128 val=0x0 size=2
SIO Write: off=0x134 val=0x8000 size=2
SIO Write: off=0x134 val=0x0 size=2
SIO Write: off=0x128 val=0x0 size=2
SIO Write: off=0x124 val=0xffff size=2
SIO Read: off=0x124 val=0 (readonly/unmapped)
SIO Write: off=0x124 val=0x0 size=2
SIO Write: off=0x128 val=0x0 size=2
SIO Write: off=0x134 val=0x8000 size=2
SIO Write: off=0x134 val=0x0 size=2
SIO Write: off=0x128 val=0x0 size=2
SIO Write: off=0x126 val=0xffff size=2
SIO Read: off=0x126 val=0 (readonly/unmapped)
SIO Write: off=0x126 val=0x0 size=2
SIO Write: off=0x128 val=0x0 size=2
SIO Write: off=0x134 val=0x8000 size=2
SIO Write: off=0x134 val=0x0 size=2
SIO Write: off=0x128 val=0x0 size=2
SIO Read: off=0x128 val=0xc
SIO Write: off=0x128 val=0xcfff size=2
SIO Read: off=0x128 val=0x400f
SIO Write: off=0x128 val=0x0 size=2
SIO Write: off=0x128 val=0x0 size=2
SIO Write: off=0x134 val=0x8000 size=2
SIO Write: off=0x134 val=0x0 size=2
SIO Write: off=0x128 val=0x0 size=2
SIO Write: off=0x12a val=0xffff size=2
SIO Read: off=0x12a val=0xffff
SIO Write: off=0x12a val=0x0 size=2
SIO Write: off=0x128 val=0x0 size=2
SIO Write: off=0x134 val=0x8000 size=2
SIO Write: off=0x134 val=0x0 size=2
SIO Write: off=0x128 val=0x0 size=2
SIO Read: off=0x134 val=0xb
SIO Write: off=0x134 val=0x3fff size=2
SIO Read: off=0x134 val=0xb
SIO Write: off=0x128 val=0x0 size=2
SIO Write: off=0x134 val=0x8000 size=2
SIO Write: off=0x134 val=0x0 size=2
SIO Write: off=0x128 val=0x0 size=2
SIO Write: off=0x136 val=0xffff size=2
SIO Read: off=0x136 val=0 (readonly/unmapped)
SIO Write: off=0x136 val=0x0 size=2
SIO Write: off=0x128 val=0x0 size=2
SIO Write: off=0x134 val=0x8000 size=2
SIO Write: off=0x134 val=0x0 size=2
SIO Write: off=0x128 val=0x0 size=2
SIO Write: off=0x140 val=0xffff size=2
SIO Read: off=0x140 val=0 (readonly/unmapped)
SIO Write: off=0x140 val=0x0 size=2
SIO Write: off=0x128 val=0x0 size=2
SIO Write: off=0x134 val=0x8000 size=2
SIO Write: off=0x134 val=0x0 size=2
SIO Write: off=0x128 val=0x0 size=2
SIO Write: off=0x142 val=0xffff size=2
SIO Read: off=0x142 val=0 (readonly/unmapped)
SIO Write: off=0x142 val=0x0 size=2
SIO Write: off=0x128 val=0x0 size=2
SIO Write: off=0x134 val=0x8000 size=2
SIO Write: off=0x134 val=0x0 size=2
SIO Write: off=0x128 val=0x0 size=2
SIO Write: off=0x150 val=0xffff size=2
SIO Read: off=0x150 val=0 (readonly/unmapped)
SIO Write: off=0x150 val=0x0 size=2
SIO Write: off=0x128 val=0x0 size=2
SIO Write: off=0x134 val=0x8000 size=2
SIO Write: off=0x134 val=0x0 size=2
SIO Write: off=0x128 val=0x0 size=2
SIO Write: off=0x152 val=0xffff size=2
SIO Read: off=0x152 val=0 (readonly/unmapped)
SIO Write: off=0x152 val=0x0 size=2
SIO Write: off=0x128 val=0x0 size=2
SIO Write: off=0x134 val=0x8000 size=2
SIO Write: off=0x134 val=0x0 size=2
SIO Write: off=0x128 val=0x0 size=2
SIO Write: off=0x154 val=0xffff size=2
SIO Read: off=0x154 val=0 (readonly/unmapped)
SIO Write: off=0x154 val=0x0 size=2
SIO Write: off=0x128 val=0x0 size=2
SIO Write: off=0x134 val=0x8000 size=2
SIO Write: off=0x134 val=0x0 size=2
SIO Write: off=0x128 val=0x0 size=2
SIO Write: off=0x156 val=0xffff size=2
SIO Read: off=0x156 val=0 (readonly/unmapped)
SIO Write: off=0x156 val=0x0 size=2
SIO Write: off=0x128 val=0x0 size=2
SIO Write: off=0x134 val=0x8000 size=2
SIO Write: off=0x134 val=0x0 size=2
SIO Write: off=0x128 val=0x0 size=2
SIO Write: off=0x15a val=0xffff size=2
SIO Read: off=0x15a val=0 (readonly/unmapped)
SIO Write: off=0x15a val=0x0 size=2
SIO Write: off=0x128 val=0x0 size=2
SIO Write: off=0x134 val=0x8000 size=2
SIO Write: off=0x134 val=0x0 size=2
SIO Write: off=0x128 val=0x1000 size=2
SIO Write: off=0x120 val=0xffff size=2
SIO Read: off=0x120 val=0xffff
SIO Write: off=0x120 val=0x0 size=2
SIO Write: off=0x128 val=0x0 size=2
SIO Write: off=0x134 val=0x8000 size=2
SIO Write: off=0x134 val=0x0 size=2
SIO Write: off=0x128 val=0x1000 size=2
SIO Write: off=0x122 val=0xffff size=2
SIO Read: off=0x122 val=0xffff
SIO Write: off=0x122 val=0x0 size=2
SIO Write: off=0x128 val=0x0 size=2
SIO Write: off=0x134 val=0x8000 size=2
SIO Write: off=0x134 val=0x0 size=2
SIO Write: off=0x128 val=0x1000 size=2
SIO Write: off=0x124 val=0xffff size=2
SIO Read: off=0x124 val=0 (readonly/unmapped)
SIO Write: off=0x124 val=0x0 size=2
SIO Write: off=0x128 val=0x0 size=2
SIO Write: off=0x134 val=0x8000 size=2
SIO Write: off=0x134 val=0x0 size=2
SIO Write: off=0x128 val=0x1000 size=2
SIO Write: off=0x126 val=0xffff size=2
SIO Read: off=0x126 val=0 (readonly/unmapped)
SIO Write: off=0x126 val=0x0 size=2
SIO Write: off=0x128 val=0x0 size=2
SIO Write: off=0x134 val=0x8000 size=2
SIO Write: off=0x134 val=0x0 size=2
SIO Write: off=0x128 val=0x1000 size=2
SIO Read: off=0x128 val=0x100c
SIO Write: off=0x128 val=0xdfff size=2
SIO Read: off=0x128 val=0x500f
SIO Write: off=0x128 val=0x0 size=2
SIO Write: off=0x128 val=0x0 size=2
SIO Write: off=0x134 val=0x8000 size=2
SIO Write: off=0x134 val=0x0 size=2
SIO Write: off=0x128 val=0x1000 size=2
SIO Write: off=0x12a val=0xffff size=2
SIO Read: off=0x12a val=0 (readonly/unmapped)
SIO Write: off=0x12a val=0x0 size=2
SIO Write: off=0x128 val=0x0 size=2
SIO Write: off=0x134 val=0x8000 size=2
SIO Write: off=0x134 val=0x0 size=2
SIO Write: off=0x128 val=0x1000 size=2
SIO Read: off=0x134 val=0xb
SIO Write: off=0x134 val=0x3fff size=2
SIO Read: off=0x134 val=0xb
SIO Write: off=0x128 val=0x0 size=2
SIO Write: off=0x134 val=0x8000 size=2
SIO Write: off=0x134 val=0x0 size=2
SIO Write: off=0x128 val=0x1000 size=2
SIO Write: off=0x136 val=0xffff size=2
SIO Read: off=0x136 val=0 (readonly/unmapped)
SIO Write: off=0x136 val=0x0 size=2
SIO Write: off=0x128 val=0x0 size=2
SIO Write: off=0x134 val=0x8000 size=2
SIO Write: off=0x134 val=0x0 size=2
SIO Write: off=0x128 val=0x1000 size=2
SIO Write: off=0x140 val=0xffff size=2
SIO Read: off=0x140 val=0 (readonly/unmapped)
SIO Write: off=0x140 val=0x0 size=2
SIO Write: off=0x128 val=0x0 size=2
SIO Write: off=0x134 val=0x8000 size=2
SIO Write: off=0x134 val=0x0 size=2
SIO Write: off=0x128 val=0x1000 size=2
SIO Write: off=0x142 val=0xffff size=2
SIO Read: off=0x142 val=0 (readonly/unmapped)
SIO Write: off=0x142 val=0x0 size=2
SIO Write: off=0x128 val=0x0 size=2
SIO Write: off=0x134 val=0x8000 size=2
SIO Write: off=0x134 val=0x0 size=2
SIO Write: off=0x128 val=0x1000 size=2
SIO Write: off=0x150 val=0xffff size=2
SIO Read: off=0x150 val=0 (readonly/unmapped)
SIO Write: off=0x150 val=0x0 size=2
SIO Write: off=0x128 val=0x0 size=2
SIO Write: off=0x134 val=0x8000 size=2
SIO Write: off=0x134 val=0x0 size=2
SIO Write: off=0x128 val=0x1000 size=2
SIO Write: off=0x152 val=0xffff size=2
SIO Read: off=0x152 val=0 (readonly/unmapped)
SIO Write: off=0x152 val=0x0 size=2
SIO Write: off=0x128 val=0x0 size=2
SIO Write: off=0x134 val=0x8000 size=2
SIO Write: off=0x134 val=0x0 size=2
SIO Write: off=0x128 val=0x1000 size=2
SIO Write: off=0x154 val=0xffff size=2
SIO Read: off=0x154 val=0 (readonly/unmapped)
SIO Write: off=0x154 val=0x0 size=2
SIO Write: off=0x128 val=0x0 size=2
SIO Write: off=0x134 val=0x8000 size=2
SIO Write: off=0x134 val=0x0 size=2
SIO Write: off=0x128 val=0x1000 size=2
SIO Write: off=0x156 val=0xffff size=2
SIO Read: off=0x156 val=0 (readonly/unmapped)
SIO Write: off=0x156 val=0x0 size=2
SIO Write: off=0x128 val=0x0 size=2
SIO Write: off=0x134 val=0x8000 size=2
SIO Write: off=0x134 val=0x0 size=2
SIO Write: off=0x128 val=0x1000 size=2
SIO Write: off=0x15a val=0xffff size=2
SIO Read: off=0x15a val=0 (readonly/unmapped)
SIO Write: off=0x15a val=0x0 size=2
SIO Write: off=0x128 val=0x0 size=2
SIO Write: off=0x134 val=0x8000 size=2
SIO Write: off=0x134 val=0x0 size=2
SIO Write: off=0x128 val=0x3000 size=2
SIO Write: off=0x120 val=0xffff size=2
SIO Read: off=0x120 val=0 (readonly/unmapped)
SIO Write: off=0x120 val=0x0 size=2
SIO Write: off=0x128 val=0x0 size=2
SIO Write: off=0x134 val=0x8000 size=2
SIO Write: off=0x134 val=0x0 size=2
SIO Write: off=0x128 val=0x3000 size=2
SIO Write: off=0x122 val=0xffff size=2
SIO Read: off=0x122 val=0 (readonly/unmapped)
SIO Write: off=0x122 val=0x0 size=2
SIO Write: off=0x128 val=0x0 size=2
SIO Write: off=0x134 val=0x8000 size=2
SIO Write: off=0x134 val=0x0 size=2
SIO Write: off=0x128 val=0x3000 size=2
SIO Write: off=0x124 val=0xffff size=2
SIO Read: off=0x124 val=0 (readonly/unmapped)
SIO Write: off=0x124 val=0x0 size=2
SIO Write: off=0x128 val=0x0 size=2
SIO Write: off=0x134 val=0x8000 size=2
SIO Write: off=0x134 val=0x0 size=2
SIO Write: off=0x128 val=0x3000 size=2
SIO Write: off=0x126 val=0xffff size=2
SIO Read: off=0x126 val=0 (readonly/unmapped)
SIO Write: off=0x126 val=0x0 size=2
SIO Write: off=0x128 val=0x0 size=2
SIO Write: off=0x134 val=0x8000 size=2
SIO Write: off=0x134 val=0x0 size=2
SIO Write: off=0x128 val=0x3000 size=2
SIO Read: off=0x128 val=0x3000
SIO Write: off=0x128 val=0xffff size=2
SIO Read: off=0x128 val=0x76ff
SIO Write: off=0x128 val=0x0 size=2
SIO Write: off=0x128 val=0x0 size=2
SIO Write: off=0x134 val=0x8000 size=2
SIO Write: off=0x134 val=0x0 size=2
SIO Write: off=0x128 val=0x3000 size=2
SIO Write: off=0x12a val=0xffff size=2
SIO Read: off=0x12a val=0 (readonly/unmapped)
SIO Write: off=0x12a val=0x0 size=2
SIO Write: off=0x128 val=0x0 size=2
SIO Write: off=0x134 val=0x8000 size=2
SIO Write: off=0x134 val=0x0 size=2
SIO Write: off=0x128 val=0x3000 size=2
SIO Read: off=0x134 val=0xb
SIO Write: off=0x134 val=0x3fff size=2
SIO Read: off=0x134 val=0xb
SIO Write: off=0x128 val=0x0 size=2
SIO Write: off=0x134 val=0x8000 size=2
SIO Write: off=0x134 val=0x0 size=2
SIO Write: off=0x128 val=0x3000 size=2
SIO Write: off=0x136 val=0xffff size=2
SIO Read: off=0x136 val=0 (readonly/unmapped)
SIO Write: off=0x136 val=0x0 size=2
SIO Write: off=0x128 val=0x0 size=2
SIO Write: off=0x134 val=0x8000 size=2
SIO Write: off=0x134 val=0x0 size=2
SIO Write: off=0x128 val=0x3000 size=2
SIO Write: off=0x140 val=0xffff size=2
SIO Read: off=0x140 val=0 (readonly/unmapped)
SIO Write: off=0x140 val=0x0 size=2
SIO Write: off=0x128 val=0x0 size=2
SIO Write: off=0x134 val=0x8000 size=2
SIO Write: off=0x134 val=0x0 size=2
SIO Write: off=0x128 val=0x3000 size=2
SIO Write: off=0x142 val=0xffff size=2
SIO Read: off=0x142 val=0 (readonly/unmapped)
SIO Write: off=0x142 val=0x0 size=2
SIO Write: off=0x128 val=0x0 size=2
SIO Write: off=0x134 val=0x8000 size=2
SIO Write: off=0x134 val=0x0 size=2
SIO Write: off=0x128 val=0x3000 size=2
SIO Write: off=0x150 val=0xffff size=2
SIO Read: off=0x150 val=0 (readonly/unmapped)
SIO Write: off=0x150 val=0x0 size=2
SIO Write: off=0x128 val=0x0 size=2
SIO Write: off=0x134 val=0x8000 size=2
SIO Write: off=0x134 val=0x0 size=2
SIO Write: off=0x128 val=0x3000 size=2
SIO Write: off=0x152 val=0xffff size=2
SIO Read: off=0x152 val=0 (readonly/unmapped)
SIO Write: off=0x152 val=0x0 size=2
SIO Write: off=0x128 val=0x0 size=2
SIO Write: off=0x134 val=0x8000 size=2
SIO Write: off=0x134 val=0x0 size=2
SIO Write: off=0x128 val=0x3000 size=2
SIO Write: off=0x154 val=0xffff size=2
SIO Read: off=0x154 val=0 (readonly/unmapped)
SIO Write: off=0x154 val=0x0 size=2
SIO Write: off=0x128 val=0x0 size=2
SIO Write: off=0x134 val=0x8000 size=2
SIO Write: off=0x134 val=0x0 size=2
SIO Write: off=0x128 val=0x3000 size=2
SIO Write: off=0x156 val=0xffff size=2
SIO Read: off=0x156 val=0 (readonly/unmapped)
SIO Write: off=0x156 val=0x0 size=2
SIO Write: off=0x128 val=0x0 size=2
SIO Write: off=0x134 val=0x8000 size=2
SIO Write: off=0x134 val=0x0 size=2
SIO Write: off=0x128 val=0x3000 size=2
SIO Write: off=0x15a val=0xffff size=2
SIO Read: off=0x15a val=0 (readonly/unmapped)
SIO Write: off=0x15a val=0x0 size=2
SIO Write: off=0x128 val=0x0 size=2
SIO Write: off=0x134 val=0x8000 size=2
SIO Write: off=0x134 val=0x8000 size=2
SIO Write: off=0x128 val=0x0 size=2
SIO Write: off=0x120 val=0xffff size=2
SIO Read: off=0x120 val=0 (readonly/unmapped)
SIO Write: off=0x120 val=0x0 size=2
SIO Write: off=0x128 val=0x0 size=2
SIO Write: off=0x134 val=0x8000 size=2
SIO Write: off=0x134 val=0x8000 size=2
SIO Write: off=0x128 val=0x0 size=2
SIO Write: off=0x122 val=0xffff size=2
SIO Read: off=0x122 val=0 (readonly/unmapped)
SIO Write: off=0x122 val=0x0 size=2
SIO Write: off=0x128 val=0x0 size=2
SIO Write: off=0x134 val=0x8000 size=2
SIO Write: off=0x134 val=0x8000 size=2
SIO Write: off=0x128 val=0x0 size=2
SIO Write: off=0x124 val=0xffff size=2
SIO Read: off=0x124 val=0 (readonly/unmapped)
SIO Write: off=0x124 val=0x0 size=2
SIO Write: off=0x128 val=0x0 size=2
SIO Write: off=0x134 val=0x8000 size=2
SIO Write: off=0x134 val=0x8000 size=2
SIO Write: off=0x128 val=0x0 size=2
SIO Write: off=0x126 val=0xffff size=2
SIO Read: off=0x126 val=0 (readonly/unmapped)
SIO Write: off=0x126 val=0x0 size=2
SIO Write: off=0x128 val=0x0 size=2
SIO Write: off=0x134 val=0x8000 size=2
SIO Write: off=0x134 val=0x8000 size=2
SIO Write: off=0x128 val=0x0 size=2
SIO Read: off=0x128 val=0xc
SIO Write: off=0x128 val=0xcfff size=2
SIO Read: off=0x128 val=0x400f
SIO Write: off=0x128 val=0x0 size=2
SIO Write: off=0x128 val=0x0 size=2
SIO Write: off=0x134 val=0x8000 size=2
SIO Write: off=0x134 val=0x8000 size=2
SIO Write: off=0x128 val=0x0 size=2
SIO Write: off=0x12a val=0xffff size=2
SIO Read: off=0x12a val=0xffff
SIO Write: off=0x12a val=0x0 size=2
SIO Write: off=0x128 val=0x0 size=2
SIO Write: off=0x134 val=0x8000 size=2
SIO Write: off=0x134 val=0x8000 size=2
SIO Write: off=0x128 val=0x0 size=2
SIO Read: off=0x134 val=0xb
SIO Write: off=0x134 val=0x3fff size=2
SIO Read: off=0x134 val=0xb
SIO Write: off=0x128 val=0x0 size=2
SIO Write: off=0x134 val=0x8000 size=2
SIO Write: off=0x134 val=0x8000 size=2
SIO Write: off=0x128 val=0x0 size=2
SIO Write: off=0x136 val=0xffff size=2
SIO Read: off=0x136 val=0 (readonly/unmapped)
SIO Write: off=0x136 val=0x0 size=2
SIO Write: off=0x128 val=0x0 size=2
SIO Write: off=0x134 val=0x8000 size=2
SIO Write: off=0x134 val=0x8000 size=2
SIO Write: off=0x128 val=0x0 size=2
SIO Write: off=0x140 val=0xffff size=2
SIO Read: off=0x140 val=0 (readonly/unmapped)
SIO Write: off=0x140 val=0x0 size=2
SIO Write: off=0x128 val=0x0 size=2
SIO Write: off=0x134 val=0x8000 size=2
SIO Write: off=0x134 val=0x8000 size=2
SIO Write: off=0x128 val=0x0 size=2
SIO Write: off=0x142 val=0xffff size=2
SIO Read: off=0x142 val=0 (readonly/unmapped)
SIO Write: off=0x142 val=0x0 size=2
SIO Write: off=0x128 val=0x0 size=2
SIO Write: off=0x134 val=0x8000 size=2
SIO Write: off=0x134 val=0x8000 size=2
SIO Write: off=0x128 val=0x0 size=2
SIO Write: off=0x150 val=0xffff size=2
SIO Read: off=0x150 val=0 (readonly/unmapped)
SIO Write: off=0x150 val=0x0 size=2
SIO Write: off=0x128 val=0x0 size=2
SIO Write: off=0x134 val=0x8000 size=2
SIO Write: off=0x134 val=0x8000 size=2
SIO Write: off=0x128 val=0x0 size=2
SIO Write: off=0x152 val=0xffff size=2
SIO Read: off=0x152 val=0 (readonly/unmapped)
SIO Write: off=0x152 val=0x0 size=2
SIO Write: off=0x128 val=0x0 size=2
SIO Write: off=0x134 val=0x8000 size=2
SIO Write: off=0x134 val=0x8000 size=2
SIO Write: off=0x128 val=0x0 size=2
SIO Write: off=0x154 val=0xffff size=2
SIO Read: off=0x154 val=0 (readonly/unmapped)
SIO Write: off=0x154 val=0x0 size=2
SIO Write: off=0x128 val=0x0 size=2
SIO Write: off=0x134 val=0x8000 size=2
SIO Write: off=0x134 val=0x8000 size=2
SIO Write: off=0x128 val=0x0 size=2
SIO Write: off=0x156 val=0xffff size=2
SIO Read: off=0x156 val=0 (readonly/unmapped)
SIO Write: off=0x156 val=0x0 size=2
SIO Write: off=0x128 val=0x0 size=2
SIO Write: off=0x134 val=0x8000 size=2
SIO Write: off=0x134 val=0x8000 size=2
SIO Write: off=0x128 val=0x0 size=2
SIO Write: off=0x15a val=0xffff size=2
SIO Read: off=0x15a val=0 (readonly/unmapped)
SIO Write: off=0x15a val=0x0 size=2
SIO Write: off=0x128 val=0x0 size=2
SIO Write: off=0x134 val=0x8000 size=2
SIO Write: off=0x134 val=0xc000 size=2
SIO Write: off=0x128 val=0x0 size=2
SIO Write: off=0x120 val=0xffff size=2
SIO Read: off=0x120 val=0 (readonly/unmapped)
SIO Write: off=0x120 val=0x0 size=2
SIO Write: off=0x128 val=0x0 size=2
SIO Write: off=0x134 val=0x8000 size=2
SIO Write: off=0x134 val=0xc000 size=2
SIO Write: off=0x128 val=0x0 size=2
SIO Write: off=0x122 val=0xffff size=2
SIO Read: off=0x122 val=0 (readonly/unmapped)
SIO Write: off=0x122 val=0x0 size=2
SIO Write: off=0x128 val=0x0 size=2
SIO Write: off=0x134 val=0x8000 size=2
SIO Write: off=0x134 val=0xc000 size=2
SIO Write: off=0x128 val=0x0 size=2
SIO Write: off=0x124 val=0xffff size=2
SIO Read: off=0x124 val=0 (readonly/unmapped)
SIO Write: off=0x124 val=0x0 size=2
SIO Write: off=0x128 val=0x0 size=2
SIO Write: off=0x134 val=0x8000 size=2
SIO Write: off=0x134 val=0xc000 size=2
SIO Write: off=0x128 val=0x0 size=2
SIO Write: off=0x126 val=0xffff size=2
SIO Read: off=0x126 val=0 (readonly/unmapped)
SIO Write: off=0x126 val=0x0 size=2
SIO Write: off=0x128 val=0x0 size=2
SIO Write: off=0x134 val=0x8000 size=2
SIO Write: off=0x134 val=0xc000 size=2
SIO Write: off=0x128 val=0x0 size=2
SIO Read: off=0x128 val=0xc
SIO Write: off=0x128 val=0xcfff size=2
SIO Read: off=0x128 val=0x400f
SIO Write: off=0x128 val=0x0 size=2
SIO Write: off=0x128 val=0x0 size=2
SIO Write: off=0x134 val=0x8000 size=2
SIO Write: off=0x134 val=0xc000 size=2
SIO Write: off=0x128 val=0x0 size=2
SIO Write: off=0x12a val=0xffff size=2
SIO Read: off=0x12a val=0xffff
SIO Write: off=0x12a val=0x0 size=2
SIO Write: off=0x128 val=0x0 size=2
SIO Write: off=0x134 val=0x8000 size=2
SIO Write: off=0x134 val=0xc000 size=2
SIO Write: off=0x128 val=0x0 size=2
SIO Read: off=0x134 val=0xb
SIO Write: off=0x134 val=0x3fff size=2
SIO Read: off=0x134 val=0xb
SIO Write: off=0x128 val=0x0 size=2
SIO Write: off=0x134 val=0x8000 size=2
SIO Write: off=0x134 val=0xc000 size=2
SIO Write: off=0x128 val=0x0 size=2
SIO Write: off=0x136 val=0xffff size=2
SIO Read: off=0x136 val=0 (readonly/unmapped)
SIO Write: off=0x136 val=0x0 size=2
SIO Write: off=0x128 val=0x0 size=2
SIO Write: off=0x134 val=0x8000 size=2
SIO Write: off=0x134 val=0xc000 size=2
SIO Write: off=0x128 val=0x0 size=2
SIO Write: off=0x140 val=0xffff size=2
SIO Read: off=0x140 val=0 (readonly/unmapped)
SIO Write: off=0x140 val=0x0 size=2
SIO Write: off=0x128 val=0x0 size=2
SIO Write: off=0x134 val=0x8000 size=2
SIO Write: off=0x134 val=0xc000 size=2
SIO Write: off=0x128 val=0x0 size=2
SIO Write: off=0x142 val=0xffff size=2
SIO Read: off=0x142 val=0 (readonly/unmapped)
SIO Write: off=0x142 val=0x0 size=2
SIO Write: off=0x128 val=0x0 size=2
SIO Write: off=0x134 val=0x8000 size=2
SIO Write: off=0x134 val=0xc000 size=2
SIO Write: off=0x128 val=0x0 size=2
SIO Write: off=0x150 val=0xffff size=2
SIO Read: off=0x150 val=0 (readonly/unmapped)
SIO Write: off=0x150 val=0x0 size=2
SIO Write: off=0x128 val=0x0 size=2
SIO Write: off=0x134 val=0x8000 size=2
SIO Write: off=0x134 val=0xc000 size=2
SIO Write: off=0x128 val=0x0 size=2
SIO Write: off=0x152 val=0xffff size=2
SIO Read: off=0x152 val=0 (readonly/unmapped)
SIO Write: off=0x152 val=0x0 size=2
SIO Write: off=0x128 val=0x0 size=2
SIO Write: off=0x134 val=0x8000 size=2
SIO Write: off=0x134 val=0xc000 size=2
SIO Write: off=0x128 val=0x0 size=2
SIO Write: off=0x154 val=0xffff size=2
SIO Read: off=0x154 val=0 (readonly/unmapped)
SIO Write: off=0x154 val=0x0 size=2
SIO Write: off=0x128 val=0x0 size=2
SIO Write: off=0x134 val=0x8000 size=2
SIO Write: off=0x134 val=0xc000 size=2
SIO Write: off=0x128 val=0x0 size=2
SIO Write: off=0x156 val=0xffff size=2
SIO Read: off=0x156 val=0 (readonly/unmapped)
SIO Write: off=0x156 val=0x0 size=2
SIO Write: off=0x128 val=0x0 size=2
SIO Write: off=0x134 val=0x8000 size=2
SIO Write: off=0x134 val=0xc000 size=2
SIO Write: off=0x128 val=0x0 size=2
SIO Write: off=0x15a val=0xffff size=2
SIO Read: off=0x15a val=0 (readonly/unmapped)
SIO Write: off=0x15a val=0x0 size=2
SIO Write: off=0x128 val=0x0 size=2
SIO Write: off=0x134 val=0x8000 size=2
Test executed for 120 frames before stabilizing.
[FAILURE] GBA Test SIO register RW tests FAILED!
Saved screenshot to C:\Users\Priya singh\dev\ai-dev\emulators\gba_sio_register_rw_tests_failed.png
